0 verbose cli /opt/homebrew/Cellar/node/25.8.1/bin/node /opt/homebrew/bin/npm
1 info using npm@11.14.1
2 info using node@v25.8.1
3 silly config load:file:/opt/homebrew/lib/node_modules/npm/npmrc
4 silly config load:file:/Users/mukisa/Desktop/buyercard/.npmrc
5 silly config load:file:/Users/mukisa/.npmrc
6 silly config load:file:/opt/homebrew/etc/npmrc
7 verbose title npm install @prisma/adapter-pg
8 verbose argv "install" "@prisma/adapter-pg" "--cache" "./npm-cache" "--legacy-peer-deps"
9 verbose logfile logs-max:10 dir:/Users/mukisa/Desktop/buyercard/npm-cache/_logs/2026-07-29T15_48_38_200Z-
10 verbose logfile /Users/mukisa/Desktop/buyercard/npm-cache/_logs/2026-07-29T15_48_38_200Z-debug-0.log
11 silly logfile done cleaning log files
12 silly packumentCache heap:2348810240 maxSize:587202560 maxEntrySize:293601280
13 verbose shrinkwrap failed to load node_modules/.package-lock.json out of date, updated: node_modules
14 silly idealTree buildDeps
15 silly fetch manifest @prisma/adapter-pg@*
16 silly packumentCache full:https://registry.npmjs.org/@prisma%2fadapter-pg cache-miss
17 http fetch GET 200 https://registry.npmjs.org/@prisma%2fadapter-pg 535ms (cache miss)
18 silly packumentCache full:https://registry.npmjs.org/@prisma%2fadapter-pg set size:undefined disposed:false
19 silly placeDep ROOT @prisma/adapter-pg@7.9.1 OK for: buyercard@0.1.0 want: *
20 silly fetch manifest postgres-array@3.0.4
21 silly packumentCache full:https://registry.npmjs.org/postgres-array cache-miss
22 silly fetch manifest @prisma/driver-adapter-utils@7.9.1
23 silly packumentCache full:https://registry.npmjs.org/@prisma%2fdriver-adapter-utils cache-miss
24 http fetch GET 200 https://registry.npmjs.org/postgres-array 434ms (cache miss)
25 silly packumentCache full:https://registry.npmjs.org/postgres-array set size:undefined disposed:false
26 http fetch GET 200 https://registry.npmjs.org/@prisma%2fdriver-adapter-utils 1491ms (cache miss)
27 silly packumentCache full:https://registry.npmjs.org/@prisma%2fdriver-adapter-utils set size:undefined disposed:false
28 silly placeDep ROOT @prisma/driver-adapter-utils@7.9.1 OK for: @prisma/adapter-pg@7.9.1 want: 7.9.1
29 silly placeDep node_modules/@prisma/adapter-pg postgres-array@3.0.4 OK for: @prisma/adapter-pg@7.9.1 want: 3.0.4
30 silly reify moves {}
31 silly audit bulk request {
31 silly audit   '@alloc/quick-lru': [ '5.2.0' ],
31 silly audit   '@babel/code-frame': [ '7.29.7' ],
31 silly audit   '@babel/compat-data': [ '7.29.7' ],
31 silly audit   '@babel/core': [ '7.29.7' ],
31 silly audit   '@babel/generator': [ '7.29.7' ],
31 silly audit   '@babel/helper-compilation-targets': [ '7.29.7' ],
31 silly audit   '@babel/helper-globals': [ '7.29.7' ],
31 silly audit   '@babel/helper-module-imports': [ '7.29.7' ],
31 silly audit   '@babel/helper-module-transforms': [ '7.29.7' ],
31 silly audit   '@babel/helper-string-parser': [ '7.29.7' ],
31 silly audit   '@babel/helper-validator-identifier': [ '7.29.7' ],
31 silly audit   '@babel/helper-validator-option': [ '7.29.7' ],
31 silly audit   '@babel/helpers': [ '7.29.7' ],
31 silly audit   '@babel/parser': [ '7.29.7' ],
31 silly audit   '@babel/template': [ '7.29.7' ],
31 silly audit   '@babel/traverse': [ '7.29.7' ],
31 silly audit   '@babel/types': [ '7.29.7' ],
31 silly audit   '@electric-sql/pglite': [ '0.4.3' ],
31 silly audit   '@electric-sql/pglite-socket': [ '0.1.3' ],
31 silly audit   '@electric-sql/pglite-tools': [ '0.3.3' ],
31 silly audit   '@emnapi/core': [ '1.10.0' ],
31 silly audit   '@emnapi/runtime': [ '1.11.1', '1.10.0' ],
31 silly audit   '@emnapi/wasi-threads': [ '1.2.1' ],
31 silly audit   '@eslint-community/eslint-utils': [ '4.9.1' ],
31 silly audit   'eslint-visitor-keys': [ '3.4.3', '5.0.1', '4.2.1' ],
31 silly audit   '@eslint-community/regexpp': [ '4.12.2' ],
31 silly audit   '@eslint/config-array': [ '0.21.2' ],
31 silly audit   '@eslint/config-helpers': [ '0.4.2' ],
31 silly audit   '@eslint/core': [ '0.17.0' ],
31 silly audit   '@eslint/eslintrc': [ '3.3.5' ],
31 silly audit   '@eslint/js': [ '9.39.4' ],
31 silly audit   '@eslint/object-schema': [ '2.1.7' ],
31 silly audit   '@eslint/plugin-kit': [ '0.4.1' ],
31 silly audit   '@floating-ui/core': [ '1.7.5' ],
31 silly audit   '@floating-ui/dom': [ '1.7.6' ],
31 silly audit   '@floating-ui/react-dom': [ '2.1.8' ],
31 silly audit   '@floating-ui/utils': [ '0.2.11' ],
31 silly audit   '@humanfs/core': [ '0.19.2' ],
31 silly audit   '@humanfs/node': [ '0.16.8' ],
31 silly audit   '@humanfs/types': [ '0.15.0' ],
31 silly audit   '@humanwhocodes/module-importer': [ '1.0.1' ],
31 silly audit   '@humanwhocodes/retry': [ '0.4.3' ],
31 silly audit   '@img/colour': [ '1.1.0' ],
31 silly audit   '@img/sharp-darwin-arm64': [ '0.34.5' ],
31 silly audit   '@img/sharp-darwin-x64': [ '0.34.5' ],
31 silly audit   '@img/sharp-libvips-darwin-arm64': [ '1.2.4' ],
31 silly audit   '@img/sharp-libvips-darwin-x64': [ '1.2.4' ],
31 silly audit   '@img/sharp-libvips-linux-arm': [ '1.2.4' ],
31 silly audit   '@img/sharp-libvips-linux-arm64': [ '1.2.4' ],
31 silly audit   '@img/sharp-libvips-linux-ppc64': [ '1.2.4' ],
31 silly audit   '@img/sharp-libvips-linux-riscv64': [ '1.2.4' ],
31 silly audit   '@img/sharp-libvips-linux-s390x': [ '1.2.4' ],
31 silly audit   '@img/sharp-libvips-linux-x64': [ '1.2.4' ],
31 silly audit   '@img/sharp-libvips-linuxmusl-arm64': [ '1.2.4' ],
31 silly audit   '@img/sharp-libvips-linuxmusl-x64': [ '1.2.4' ],
31 silly audit   '@img/sharp-linux-arm': [ '0.34.5' ],
31 silly audit   '@img/sharp-linux-arm64': [ '0.34.5' ],
31 silly audit   '@img/sharp-linux-ppc64': [ '0.34.5' ],
31 silly audit   '@img/sharp-linux-riscv64': [ '0.34.5' ],
31 silly audit   '@img/sharp-linux-s390x': [ '0.34.5' ],
31 silly audit   '@img/sharp-linux-x64': [ '0.34.5' ],
31 silly audit   '@img/sharp-linuxmusl-arm64': [ '0.34.5' ],
31 silly audit   '@img/sharp-linuxmusl-x64': [ '0.34.5' ],
31 silly audit   '@img/sharp-wasm32': [ '0.34.5' ],
31 silly audit   '@img/sharp-win32-arm64': [ '0.34.5' ],
31 silly audit   '@img/sharp-win32-ia32': [ '0.34.5' ],
31 silly audit   '@img/sharp-win32-x64': [ '0.34.5' ],
31 silly audit   '@jridgewell/gen-mapping': [ '0.3.13' ],
31 silly audit   '@jridgewell/remapping': [ '2.3.5' ],
31 silly audit   '@jridgewell/resolve-uri': [ '3.1.2' ],
31 silly audit   '@jridgewell/sourcemap-codec': [ '1.5.5' ],
31 silly audit   '@jridgewell/trace-mapping': [ '0.3.31' ],
31 silly audit   '@napi-rs/wasm-runtime': [ '1.1.6' ],
31 silly audit   '@next/env': [ '16.2.9' ],
31 silly audit   '@next/eslint-plugin-next': [ '16.2.9' ],
31 silly audit   '@next/swc-darwin-arm64': [ '16.2.9' ],
31 silly audit   '@next/swc-darwin-x64': [ '16.2.9' ],
31 silly audit   '@next/swc-linux-arm64-gnu': [ '16.2.9' ],
31 silly audit   '@next/swc-linux-arm64-musl': [ '16.2.9' ],
31 silly audit   '@next/swc-linux-x64-gnu': [ '16.2.9' ],
31 silly audit   '@next/swc-linux-x64-musl': [ '16.2.9' ],
31 silly audit   '@next/swc-win32-arm64-msvc': [ '16.2.9' ],
31 silly audit   '@next/swc-win32-x64-msvc': [ '16.2.9' ],
31 silly audit   '@nodelib/fs.scandir': [ '2.1.5' ],
31 silly audit   '@nodelib/fs.stat': [ '2.0.5' ],
31 silly audit   '@nodelib/fs.walk': [ '1.2.8' ],
31 silly audit   '@nolyfill/is-core-module': [ '1.0.39' ],
31 silly audit   '@prisma/client': [ '7.9.1' ],
31 silly audit   '@prisma/client-runtime-utils': [ '7.9.1' ],
31 silly audit   '@prisma/config': [ '7.9.1' ],
31 silly audit   '@prisma/debug': [ '7.9.1', '7.2.0' ],
31 silly audit   '@prisma/dev': [ '0.24.17' ],
31 silly audit   '@prisma/engines': [ '7.9.1' ],
31 silly audit   '@prisma/engines-version': [ '7.9.0-1.e922089b7d7502aff4249d5da3420f6fa55fc6ad' ],
31 silly audit   '@prisma/get-platform': [ '7.9.1', '7.2.0' ],
31 silly audit   '@prisma/fetch-engine': [ '7.9.1' ],
31 silly audit   '@prisma/query-plan-executor': [ '7.2.0' ],
31 silly audit   '@prisma/streams-local': [ '0.1.11' ],
31 silly audit   ajv: [ '8.20.0', '6.15.0' ],
31 silly audit   'json-schema-traverse': [ '1.0.0', '0.4.1' ],
31 silly audit   '@prisma/studio-core': [ '0.33.0' ],
31 silly audit   '@radix-ui/primitive': [ '1.1.4', '1.1.3' ],
31 silly audit   '@radix-ui/react-arrow': [ '1.1.11' ],
31 silly audit   '@radix-ui/react-collection': [ '1.1.11' ],
31 silly audit   '@radix-ui/react-compose-refs': [ '1.1.3', '1.1.2' ],
31 silly audit   '@radix-ui/react-context': [ '1.1.4' ],
31 silly audit   '@radix-ui/react-direction': [ '1.1.2' ],
31 silly audit   '@radix-ui/react-dismissable-layer': [ '1.1.14' ],
31 silly audit   '@radix-ui/react-dropdown-menu': [ '2.1.19' ],
31 silly audit   '@radix-ui/react-focus-guards': [ '1.1.4' ],
31 silly audit   '@radix-ui/react-focus-scope': [ '1.1.11' ],
31 silly audit   '@radix-ui/react-id': [ '1.1.2' ],
31 silly audit   '@radix-ui/react-menu': [ '2.1.19' ],
31 silly audit   '@radix-ui/react-navigation-menu': [ '1.2.17' ],
31 silly audit   '@radix-ui/react-popover': [ '1.1.18' ],
31 silly audit   '@radix-ui/react-popper': [ '1.3.2' ],
31 silly audit   '@radix-ui/react-portal': [ '1.1.13' ],
31 silly audit   '@radix-ui/react-presence': [ '1.1.6' ],
31 silly audit   '@radix-ui/react-primitive': [ '2.1.7', '2.1.3' ],
31 silly audit   '@radix-ui/react-roving-focus': [ '1.1.14' ],
31 silly audit   '@radix-ui/react-slot': [ '1.3.0', '1.2.3' ],
31 silly audit   '@radix-ui/react-toggle': [ '1.1.10' ],
31 silly audit   '@radix-ui/react-use-controllable-state': [ '1.2.2', '1.2.3' ],
31 silly audit   '@radix-ui/react-use-effect-event': [ '0.0.2', '0.0.3' ],
31 silly audit   '@radix-ui/react-use-layout-effect': [ '1.1.1', '1.1.2' ],
31 silly audit   '@radix-ui/react-use-callback-ref': [ '1.1.2' ],
31 silly audit   '@radix-ui/react-use-previous': [ '1.1.2' ],
31 silly audit   '@radix-ui/react-use-rect': [ '1.1.2' ],
31 silly audit   '@radix-ui/react-use-size': [ '1.1.2' ],
31 silly audit   '@radix-ui/react-visually-hidden': [ '1.2.7' ],
31 silly audit   '@radix-ui/rect': [ '1.1.2' ],
31 silly audit   '@rtsao/scc': [ '1.1.0' ],
31 silly audit   '@standard-schema/spec': [ '1.1.0' ],
31 silly audit   '@swc/helpers': [ '0.5.15' ],
31 silly audit   '@tailwindcss/node': [ '4.3.1' ],
31 silly audit   '@tailwindcss/oxide': [ '4.3.1' ],
31 silly audit   '@tailwindcss/oxide-android-arm64': [ '4.3.1' ],
31 silly audit   '@tailwindcss/oxide-darwin-arm64': [ '4.3.1' ],
31 silly audit   '@tailwindcss/oxide-darwin-x64': [ '4.3.1' ],
31 silly audit   '@tailwindcss/oxide-freebsd-x64': [ '4.3.1' ],
31 silly audit   '@tailwindcss/oxide-linux-arm-gnueabihf': [ '4.3.1' ],
31 silly audit   '@tailwindcss/oxide-linux-arm64-gnu': [ '4.3.1' ],
31 silly audit   '@tailwindcss/oxide-linux-arm64-musl': [ '4.3.1' ],
31 silly audit   '@tailwindcss/oxide-linux-x64-gnu': [ '4.3.1' ],
31 silly audit   '@tailwindcss/oxide-linux-x64-musl': [ '4.3.1' ],
31 silly audit   '@tailwindcss/oxide-wasm32-wasi': [ '4.3.1' ],
31 silly audit   '@tailwindcss/oxide-win32-arm64-msvc': [ '4.3.1' ],
31 silly audit   '@tailwindcss/oxide-win32-x64-msvc': [ '4.3.1' ],
31 silly audit   '@tailwindcss/postcss': [ '4.3.1' ],
31 silly audit   '@tybys/wasm-util': [ '0.10.3' ],
31 silly audit   '@types/d3-array': [ '3.0.3' ],
31 silly audit   '@types/d3-color': [ '3.1.0' ],
31 silly audit   '@types/d3-delaunay': [ '6.0.1' ],
31 silly audit   '@types/d3-format': [ '3.0.1' ],
31 silly audit   '@types/d3-geo': [ '3.1.0' ],
31 silly audit   '@types/d3-interpolate': [ '3.0.1' ],
31 silly audit   '@types/d3-path': [ '3.1.1' ],
31 silly audit   '@types/d3-scale': [ '4.0.2' ],
31 silly audit   '@types/d3-shape': [ '3.1.7' ],
31 silly audit   '@types/d3-time': [ '3.0.0' ],
31 silly audit   '@types/d3-time-format': [ '2.1.0' ],
31 silly audit   '@types/estree': [ '1.0.9' ],
31 silly audit   '@types/geojson': [ '7946.0.16' ],
31 silly audit   '@types/json-schema': [ '7.0.15' ],
31 silly audit   '@types/json5': [ '0.0.29' ],
31 silly audit   '@types/lodash': [ '4.17.24' ],
31 silly audit   '@types/node': [ '20.19.43' ],
31 silly audit   '@types/pg': [ '8.20.0' ],
31 silly audit   '@types/react': [ '19.2.17' ],
31 silly audit   '@types/react-dom': [ '19.2.3' ],
31 silly audit   '@typescript-eslint/eslint-plugin': [ '8.62.0' ],
31 silly audit   ignore: [ '7.0.5', '5.3.2' ],
31 silly audit   '@typescript-eslint/parser': [ '8.62.0' ],
31 silly audit   '@typescript-eslint/project-service': [ '8.62.0' ],
31 silly audit   '@typescript-eslint/scope-manager': [ '8.62.0' ],
31 silly audit   '@typescript-eslint/tsconfig-utils': [ '8.62.0' ],
31 silly audit   '@typescript-eslint/type-utils': [ '8.62.0' ],
31 silly audit   '@typescript-eslint/types': [ '8.62.0' ],
31 silly audit   '@typescript-eslint/typescript-estree': [ '8.62.0' ],
31 silly audit   'balanced-match': [ '4.0.4', '1.0.2' ],
31 silly audit   'brace-expansion': [ '5.0.6', '1.1.15' ],
31 silly audit   minimatch: [ '10.2.5', '3.1.5' ],
31 silly audit   semver: [ '7.8.5', '6.3.1' ],
31 silly audit   '@typescript-eslint/utils': [ '8.62.0' ],
31 silly audit   '@typescript-eslint/visitor-keys': [ '8.62.0' ],
31 silly audit   '@unrs/resolver-binding-android-arm-eabi': [ '1.12.2' ],
31 silly audit   '@unrs/resolver-binding-android-arm64': [ '1.12.2' ],
31 silly audit   '@unrs/resolver-binding-darwin-arm64': [ '1.12.2' ],
31 silly audit   '@unrs/resolver-binding-darwin-x64': [ '1.12.2' ],
31 silly audit   '@unrs/resolver-binding-freebsd-x64': [ '1.12.2' ],
31 silly audit   '@unrs/resolver-binding-linux-arm-gnueabihf': [ '1.12.2' ],
31 silly audit   '@unrs/resolver-binding-linux-arm-musleabihf': [ '1.12.2' ],
31 silly audit   '@unrs/resolver-binding-linux-arm64-gnu': [ '1.12.2' ],
31 silly audit   '@unrs/resolver-binding-linux-arm64-musl': [ '1.12.2' ],
31 silly audit   '@unrs/resolver-binding-linux-loong64-gnu': [ '1.12.2' ],
31 silly audit   '@unrs/resolver-binding-linux-loong64-musl': [ '1.12.2' ],
31 silly audit   '@unrs/resolver-binding-linux-ppc64-gnu': [ '1.12.2' ],
31 silly audit   '@unrs/resolver-binding-linux-riscv64-gnu': [ '1.12.2' ],
31 silly audit   '@unrs/resolver-binding-linux-riscv64-musl': [ '1.12.2' ],
31 silly audit   '@unrs/resolver-binding-linux-s390x-gnu': [ '1.12.2' ],
31 silly audit   '@unrs/resolver-binding-linux-x64-gnu': [ '1.12.2' ],
31 silly audit   '@unrs/resolver-binding-linux-x64-musl': [ '1.12.2' ],
31 silly audit   '@unrs/resolver-binding-openharmony-arm64': [ '1.12.2' ],
31 silly audit   '@unrs/resolver-binding-wasm32-wasi': [ '1.12.2' ],
31 silly audit   '@unrs/resolver-binding-win32-arm64-msvc': [ '1.12.2' ],
31 silly audit   '@unrs/resolver-binding-win32-ia32-msvc': [ '1.12.2' ],
31 silly audit   '@unrs/resolver-binding-win32-x64-msvc': [ '1.12.2' ],
31 silly audit   '@visx/curve': [ '4.0.1-alpha.0' ],
31 silly audit   '@visx/event': [ '4.0.1-alpha.0' ],
31 silly audit   '@visx/grid': [ '4.0.1-alpha.0' ],
31 silly audit   '@visx/group': [ '4.0.1-alpha.0' ],
31 silly audit   '@visx/point': [ '4.0.1-alpha.0' ],
31 silly audit   '@visx/responsive': [ '4.0.1-alpha.0' ],
31 silly audit   '@visx/scale': [ '4.0.1-alpha.0' ],
31 silly audit   '@visx/shape': [ '4.0.1-alpha.0' ],
31 silly audit   '@visx/vendor': [ '4.0.0-alpha.0' ],
31 silly audit   'd3-array': [ '3.2.1', '3.2.4' ],
31 silly audit   acorn: [ '8.17.0' ],
31 silly audit   'acorn-jsx': [ '5.3.2' ],
31 silly audit   'ansi-styles': [ '4.3.0' ],
31 silly audit   argparse: [ '2.0.1' ],
31 silly audit   'aria-hidden': [ '1.2.6' ],
31 silly audit   'aria-query': [ '5.3.2' ],
31 silly audit   'array-buffer-byte-length': [ '1.0.2' ],
31 silly audit   'array-includes': [ '3.1.9' ],
31 silly audit   'array.prototype.findlast': [ '1.2.5' ],
31 silly audit   'array.prototype.findlastindex': [ '1.2.6' ],
31 silly audit   'array.prototype.flat': [ '1.3.3' ],
31 silly audit   'array.prototype.flatmap': [ '1.3.3' ],
31 silly audit   'array.prototype.tosorted': [ '1.1.4' ],
31 silly audit   'arraybuffer.prototype.slice': [ '1.0.4' ],
31 silly audit   'ast-types-flow': [ '0.0.8' ],
31 silly audit   'async-function': [ '1.0.0' ],
31 silly audit   'available-typed-arrays': [ '1.0.7' ],
31 silly audit   'aws-ssl-profiles': [ '1.1.2' ],
31 silly audit   'axe-core': [ '4.12.1' ],
31 silly audit   'axobject-query': [ '4.1.0' ],
31 silly audit   'baseline-browser-mapping': [ '2.10.40' ],
31 silly audit   'better-result': [ '2.10.0' ],
31 silly audit   braces: [ '3.0.3' ],
31 silly audit   browserslist: [ '4.28.4' ],
31 silly audit   c12: [ '3.3.4' ],
31 silly audit   'call-bind': [ '1.0.9' ],
31 silly audit   'call-bind-apply-helpers': [ '1.0.2' ],
31 silly audit   'call-bound': [ '1.0.4' ],
31 silly audit   callsites: [ '3.1.0' ],
31 silly audit   'caniuse-lite': [ '1.0.30001799' ],
31 silly audit   chalk: [ '4.1.2' ],
31 silly audit   chokidar: [ '5.0.0' ],
31 silly audit   'class-variance-authority': [ '0.7.1' ],
31 silly audit   classnames: [ '2.5.1' ],
31 silly audit   'client-only': [ '0.0.1' ],
31 silly audit   clsx: [ '2.1.1' ],
31 silly audit   'color-convert': [ '2.0.1' ],
31 silly audit   'color-name': [ '1.1.4' ],
31 silly audit   'concat-map': [ '0.0.1' ],
31 silly audit   confbox: [ '0.2.4' ],
31 silly audit   'convert-source-map': [ '2.0.0' ],
31 silly audit   'cross-spawn': [ '7.0.6' ],
31 silly audit   csstype: [ '3.2.3' ],
31 silly audit   'd3-color': [ '3.1.0' ],
31 silly audit   'd3-delaunay': [ '6.0.2' ],
31 silly audit   'd3-format': [ '3.1.0' ],
31 silly audit   'd3-geo': [ '3.1.0' ],
31 silly audit   'd3-interpolate': [ '3.0.1' ],
31 silly audit   'd3-path': [ '3.1.0' ],
31 silly audit   'd3-scale': [ '4.0.2' ],
31 silly audit   'd3-shape': [ '3.2.0' ],
31 silly audit   'd3-time': [ '3.1.0' ],
31 silly audit   'd3-time-format': [ '4.1.0' ],
31 silly audit   'damerau-levenshtein': [ '1.0.8' ],
31 silly audit   'data-view-buffer': [ '1.0.2' ],
31 silly audit   'data-view-byte-length': [ '1.0.2' ],
31 silly audit   'data-view-byte-offset': [ '1.0.1' ],
31 silly audit   debug: [ '4.4.3', '3.2.7' ],
31 silly audit   'deep-is': [ '0.1.4' ],
31 silly audit   'deepmerge-ts': [ '7.1.5' ],
31 silly audit   'define-data-property': [ '1.1.4' ],
31 silly audit   'define-properties': [ '1.2.1' ],
31 silly audit   defu: [ '6.1.7' ],
31 silly audit   delaunator: [ '5.1.0' ],
31 silly audit   denque: [ '2.1.0' ],
31 silly audit   destr: [ '2.0.5' ],
31 silly audit   'detect-libc': [ '2.1.2' ],
31 silly audit   'detect-node-es': [ '1.1.0' ],
31 silly audit   doctrine: [ '2.1.0' ],
31 silly audit   dotenv: [ '17.4.2' ],
31 silly audit   'dunder-proto': [ '1.0.1' ],
31 silly audit   effect: [ '3.20.0' ],
31 silly audit   'electron-to-chromium': [ '1.5.380' ],
31 silly audit   elkjs: [ '0.11.1' ],
31 silly audit   'emoji-regex': [ '9.2.2' ],
31 silly audit   empathic: [ '2.0.0' ],
31 silly audit   'enhanced-resolve': [ '5.21.6' ],
31 silly audit   'env-paths': [ '3.0.0' ],
31 silly audit   'es-abstract': [ '1.24.2' ],
31 silly audit   'es-abstract-get': [ '1.0.0' ],
31 silly audit   'es-define-property': [ '1.0.1' ],
31 silly audit   'es-errors': [ '1.3.0' ],
31 silly audit   'es-iterator-helpers': [ '1.3.3' ],
31 silly audit   'es-object-atoms': [ '1.1.2' ],
31 silly audit   'es-set-tostringtag': [ '2.1.0' ],
31 silly audit   'es-shim-unscopables': [ '1.1.0' ],
31 silly audit   'es-to-primitive': [ '1.3.4' ],
31 silly audit   escalade: [ '3.2.0' ],
31 silly audit   'escape-string-regexp': [ '4.0.0' ],
31 silly audit   eslint: [ '9.39.4' ],
31 silly audit   'eslint-config-next': [ '16.2.9' ],
31 silly audit   globals: [ '16.4.0', '14.0.0' ],
31 silly audit   'eslint-import-resolver-node': [ '0.3.10' ],
31 silly audit   'eslint-import-resolver-typescript': [ '3.10.1' ],
31 silly audit   'eslint-module-utils': [ '2.13.0' ],
31 silly audit   'eslint-plugin-import': [ '2.32.0' ],
31 silly audit   'eslint-plugin-jsx-a11y': [ '6.10.2' ],
31 silly audit   'eslint-plugin-react': [ '7.37.5' ],
31 silly audit   'eslint-plugin-react-hooks': [ '7.1.1' ],
31 silly audit   'eslint-scope': [ '8.4.0' ],
31 silly audit   espree: [ '10.4.0' ],
31 silly audit   esquery: [ '1.7.0' ],
31 silly audit   esrecurse: [ '4.3.0' ],
31 silly audit   estraverse: [ '5.3.0' ],
31 silly audit   esutils: [ '2.0.3' ],
31 silly audit   exsolve: [ '1.1.1' ],
31 silly audit   'fast-check': [ '3.23.2' ],
31 silly audit   'fast-decode-uri-component': [ '1.0.1' ],
31 silly audit   'fast-deep-equal': [ '3.1.3' ],
31 silly audit   'fast-glob': [ '3.3.1' ],
31 silly audit   'glob-parent': [ '5.1.2', '6.0.2' ],
31 silly audit   'fast-json-stable-stringify': [ '2.1.0' ],
31 silly audit   'fast-levenshtein': [ '2.0.6' ],
31 silly audit   'fast-querystring': [ '1.1.2' ],
31 silly audit   'fast-uri': [ '3.1.4' ],
31 silly audit   fastq: [ '1.20.1' ],
31 silly audit   'file-entry-cache': [ '8.0.0' ],
31 silly audit   'fill-range': [ '7.1.1' ],
31 silly audit   'find-my-way': [ '9.7.0' ],
31 silly audit   'find-up': [ '5.0.0' ],
31 silly audit   'flat-cache': [ '4.0.1' ],
31 silly audit   flatted: [ '3.4.2' ],
31 silly audit   'for-each': [ '0.3.5' ],
31 silly audit   'foreground-child': [ '3.3.1' ],
31 silly audit   'function-bind': [ '1.1.2' ],
31 silly audit   'function.prototype.name': [ '1.2.0' ],
31 silly audit   'functions-have-names': [ '1.2.3' ],
31 silly audit   'generate-function': [ '2.3.1' ],
31 silly audit   'generator-function': [ '2.0.1' ],
31 silly audit   gensync: [ '1.0.0-beta.2' ],
31 silly audit   'get-intrinsic': [ '1.3.0' ],
31 silly audit   'get-nonce': [ '1.0.1' ],
31 silly audit   'get-port-please': [ '3.2.0' ],
31 silly audit   'get-proto': [ '1.0.1' ],
31 silly audit   'get-symbol-description': [ '1.1.0' ],
31 silly audit   'get-tsconfig': [ '4.14.0' ],
31 silly audit   giget: [ '3.3.1' ],
31 silly audit   globalthis: [ '1.0.4' ],
31 silly audit   gopd: [ '1.2.0' ],
31 silly audit   'graceful-fs': [ '4.2.11' ],
31 silly audit   grammex: [ '3.1.13' ],
31 silly audit   graphmatch: [ '1.1.1' ],
31 silly audit   'has-bigints': [ '1.1.0' ],
31 silly audit   'has-flag': [ '4.0.0' ],
31 silly audit   'has-property-descriptors': [ '1.0.2' ],
31 silly audit   'has-proto': [ '1.2.0' ],
31 silly audit   'has-symbols': [ '1.1.0' ],
31 silly audit   'has-tostringtag': [ '1.0.2' ],
31 silly audit   hasown: [ '2.0.4' ],
31 silly audit   'hermes-estree': [ '0.25.1' ],
31 silly audit   'hermes-parser': [ '0.25.1' ],
31 silly audit   'iconv-lite': [ '0.7.3' ],
31 silly audit   'import-fresh': [ '3.3.1' ],
31 silly audit   imurmurhash: [ '0.1.4' ],
31 silly audit   'internal-slot': [ '1.1.0' ],
31 silly audit   internmap: [ '2.0.3' ],
31 silly audit   'is-array-buffer': [ '3.0.5' ],
31 silly audit   'is-async-function': [ '2.1.1' ],
31 silly audit   'is-bigint': [ '1.1.0' ],
31 silly audit   'is-boolean-object': [ '1.2.2' ],
31 silly audit   'is-bun-module': [ '2.0.0' ],
31 silly audit   'is-callable': [ '1.2.7' ],
31 silly audit   'is-core-module': [ '2.16.2' ],
31 silly audit   'is-data-view': [ '1.0.2' ],
31 silly audit   'is-date-object': [ '1.1.0' ],
31 silly audit   'is-document.all': [ '1.0.0' ],
31 silly audit   'is-extglob': [ '2.1.1' ],
31 silly audit   'is-finalizationregistry': [ '1.1.1' ],
31 silly audit   'is-generator-function': [ '1.1.2' ],
31 silly audit   'is-glob': [ '4.0.3' ],
31 silly audit   'is-map': [ '2.0.3' ],
31 silly audit   'is-negative-zero': [ '2.0.3' ],
31 silly audit   'is-number': [ '7.0.0' ],
31 silly audit   'is-number-object': [ '1.1.1' ],
31 silly audit   'is-property': [ '1.0.2' ],
31 silly audit   'is-regex': [ '1.2.1' ],
31 silly audit   'is-set': [ '2.0.3' ],
31 silly audit   'is-shared-array-buffer': [ '1.0.4' ],
31 silly audit   'is-string': [ '1.1.1' ],
31 silly audit   'is-symbol': [ '1.1.1' ],
31 silly audit   'is-typed-array': [ '1.1.15' ],
31 silly audit   'is-weakmap': [ '2.0.2' ],
31 silly audit   'is-weakref': [ '1.1.1' ],
31 silly audit   'is-weakset': [ '2.0.4' ],
31 silly audit   isarray: [ '2.0.5' ],
31 silly audit   isexe: [ '2.0.0' ],
31 silly audit   'iterator.prototype': [ '1.1.5' ],
31 silly audit   jiti: [ '2.7.0' ],
31 silly audit   'js-tokens': [ '4.0.0' ],
31 silly audit   'js-yaml': [ '4.3.0' ],
31 silly audit   jsesc: [ '3.1.0' ],
31 silly audit   'json-buffer': [ '3.0.1' ],
31 silly audit   'json-stable-stringify-without-jsonify': [ '1.0.1' ],
31 silly audit   json5: [ '2.2.3', '1.0.2' ],
31 silly audit   'jsx-ast-utils': [ '3.3.5' ],
31 silly audit   keyv: [ '4.5.4' ],
31 silly audit   'language-subtag-registry': [ '0.3.23' ],
31 silly audit   'language-tags': [ '1.0.9' ],
31 silly audit   levn: [ '0.4.1' ],
31 silly audit   lightningcss: [ '1.32.0' ],
31 silly audit   'lightningcss-android-arm64': [ '1.32.0' ],
31 silly audit   'lightningcss-darwin-arm64': [ '1.32.0' ],
31 silly audit   'lightningcss-darwin-x64': [ '1.32.0' ],
31 silly audit   'lightningcss-freebsd-x64': [ '1.32.0' ],
31 silly audit   'lightningcss-linux-arm-gnueabihf': [ '1.32.0' ],
31 silly audit   'lightningcss-linux-arm64-gnu': [ '1.32.0' ],
31 silly audit   'lightningcss-linux-arm64-musl': [ '1.32.0' ],
31 silly audit   'lightningcss-linux-x64-gnu': [ '1.32.0' ],
31 silly audit   'lightningcss-linux-x64-musl': [ '1.32.0' ],
31 silly audit   'lightningcss-win32-arm64-msvc': [ '1.32.0' ],
31 silly audit   'lightningcss-win32-x64-msvc': [ '1.32.0' ],
31 silly audit   'locate-path': [ '6.0.0' ],
31 silly audit   lodash: [ '4.18.1' ],
31 silly audit   'lodash.merge': [ '4.6.2' ],
31 silly audit   long: [ '5.3.2' ],
31 silly audit   'loose-envify': [ '1.4.0' ],
31 silly audit   'lru-cache': [ '5.1.1' ],
31 silly audit   'lru.min': [ '1.1.4' ],
31 silly audit   'lucide-react': [ '1.21.0' ],
31 silly audit   'magic-string': [ '0.30.21' ],
31 silly audit   'math-intrinsics': [ '1.1.0' ],
31 silly audit   merge2: [ '1.4.1' ],
31 silly audit   micromatch: [ '4.0.8' ],
31 silly audit   minimist: [ '1.2.8' ],
31 silly audit   ms: [ '2.1.3' ],
31 silly audit   mysql2: [ '3.15.3' ],
31 silly audit   'named-placeholders': [ '1.1.6' ],
31 silly audit   nanoid: [ '3.3.15' ],
31 silly audit   'napi-postinstall': [ '0.3.4' ],
31 silly audit   'natural-compare': [ '1.4.0' ],
31 silly audit   next: [ '16.2.9' ],
31 silly audit   postcss: [ '8.4.31', '8.5.15' ],
31 silly audit   'node-exports-info': [ '1.6.2' ],
31 silly audit   'node-releases': [ '2.0.50' ],
31 silly audit   'object-assign': [ '4.1.1' ],
31 silly audit   'object-inspect': [ '1.13.4' ],
31 silly audit   'object-keys': [ '1.1.1' ],
31 silly audit   'object.assign': [ '4.1.7' ],
31 silly audit   'object.entries': [ '1.1.9' ],
31 silly audit   'object.fromentries': [ '2.0.8' ],
31 silly audit   'object.groupby': [ '1.0.3' ],
31 silly audit   'object.values': [ '1.2.1' ],
31 silly audit   ohash: [ '2.0.11' ],
31 silly audit   optionator: [ '0.9.4' ],
31 silly audit   'own-keys': [ '1.0.1' ],
31 silly audit   'p-limit': [ '3.1.0' ],
31 silly audit   'p-locate': [ '5.0.0' ],
31 silly audit   'parent-module': [ '1.0.1' ],
31 silly audit   'path-exists': [ '4.0.0' ],
31 silly audit   'path-key': [ '3.1.1' ],
31 silly audit   'path-parse': [ '1.0.7' ],
31 silly audit   pathe: [ '2.0.3' ],
31 silly audit   'perfect-debounce': [ '2.1.0' ],
31 silly audit   pg: [ '8.22.0' ],
31 silly audit   'pg-cloudflare': [ '1.4.0' ],
31 silly audit   'pg-connection-string': [ '2.14.0' ],
31 silly audit   'pg-int8': [ '1.0.1' ],
31 silly audit   'pg-pool': [ '3.14.0' ],
31 silly audit   'pg-protocol': [ '1.15.0' ],
31 silly audit   'pg-types': [ '2.2.0' ],
31 silly audit   pgpass: [ '1.0.5' ],
31 silly audit   picocolors: [ '1.1.1' ],
31 silly audit   picomatch: [ '2.3.2', '4.0.4' ],
31 silly audit   'pkg-types': [ '2.3.1' ],
31 silly audit   'possible-typed-array-names': [ '1.1.0' ],
31 silly audit   postgres: [ '3.4.7' ],
31 silly audit   'postgres-array': [ '2.0.0', '3.0.4' ],
31 silly audit   'postgres-bytea': [ '1.0.1' ],
31 silly audit   'postgres-date': [ '1.0.7' ],
31 silly audit   'postgres-interval': [ '1.2.0' ],
31 silly audit   'prelude-ls': [ '1.2.1' ],
31 silly audit   prisma: [ '7.9.1' ],
31 silly audit   'prop-types': [ '15.8.1' ],
31 silly audit   'proper-lockfile': [ '4.1.2' ],
31 silly audit   'signal-exit': [ '3.0.7', '4.1.0' ],
31 silly audit   punycode: [ '2.3.1' ],
31 silly audit   'pure-rand': [ '6.1.0' ],
31 silly audit   'queue-microtask': [ '1.2.3' ],
31 silly audit   rc9: [ '3.0.1' ],
31 silly audit   react: [ '19.2.4' ],
31 silly audit   'react-dom': [ '19.2.4' ],
31 silly audit   'react-is': [ '16.13.1' ],
31 silly audit   'react-remove-scroll': [ '2.7.2' ],
31 silly audit   'react-remove-scroll-bar': [ '2.3.8' ],
31 silly audit   'react-style-singleton': [ '2.2.3' ],
31 silly audit   readdirp: [ '5.0.0' ],
31 silly audit   'reflect.getprototypeof': [ '1.0.10' ],
31 silly audit   'regexp.prototype.flags': [ '1.5.4' ],
31 silly audit   remeda: [ '2.33.4' ],
31 silly audit   'require-from-string': [ '2.0.2' ],
31 silly audit   resolve: [ '2.0.0-next.7' ],
31 silly audit   'resolve-from': [ '4.0.0' ],
31 silly audit   'resolve-pkg-maps': [ '1.0.0' ],
31 silly audit   ret: [ '0.5.0' ],
31 silly audit   retry: [ '0.12.0' ],
31 silly audit   reusify: [ '1.1.0' ],
31 silly audit   'robust-predicates': [ '3.0.3' ],
31 silly audit   'run-parallel': [ '1.2.0' ],
31 silly audit   'safe-array-concat': [ '1.1.4' ],
31 silly audit   'safe-push-apply': [ '1.0.0' ],
31 silly audit   'safe-regex-test': [ '1.1.0' ],
31 silly audit   'safe-regex2': [ '5.1.1' ],
31 silly audit   'safer-buffer': [ '2.1.2' ],
31 silly audit   scheduler: [ '0.27.0' ],
31 silly audit   'seq-queue': [ '0.0.5' ],
31 silly audit   'server-only': [ '0.0.1' ],
31 silly audit   'set-function-length': [ '1.2.2' ],
31 silly audit   'set-function-name': [ '2.0.2' ],
31 silly audit   'set-proto': [ '1.0.0' ],
31 silly audit   sharp: [ '0.34.5' ],
31 silly audit   'shebang-command': [ '2.0.0' ],
31 silly audit   'shebang-regex': [ '3.0.0' ],
31 silly audit   'side-channel': [ '1.1.1' ],
31 silly audit   'side-channel-list': [ '1.0.1' ],
31 silly audit   'side-channel-map': [ '1.0.1' ],
31 silly audit   'side-channel-weakmap': [ '1.0.2' ],
31 silly audit   'source-map-js': [ '1.2.1' ],
31 silly audit   split2: [ '4.2.0' ],
31 silly audit   sqlstring: [ '2.3.3' ],
31 silly audit   'stable-hash': [ '0.0.5' ],
31 silly audit   'std-env': [ '3.10.0' ],
31 silly audit   'stop-iteration-iterator': [ '1.1.0' ],
31 silly audit   'string.prototype.includes': [ '2.0.1' ],
31 silly audit   'string.prototype.matchall': [ '4.0.12' ],
31 silly audit   'string.prototype.repeat': [ '1.0.0' ],
31 silly audit   'string.prototype.trim': [ '1.2.11' ],
31 silly audit   'string.prototype.trimend': [ '1.0.10' ],
31 silly audit   'string.prototype.trimstart': [ '1.0.8' ],
31 silly audit   'strip-bom': [ '3.0.0' ],
31 silly audit   'strip-json-comments': [ '3.1.1' ],
31 silly audit   'styled-jsx': [ '5.1.6' ],
31 silly audit   'supports-color': [ '7.2.0' ],
31 silly audit   'supports-preserve-symlinks-flag': [ '1.0.0' ],
31 silly audit   'tailwind-merge': [ '3.6.0' ],
31 silly audit   tailwindcss: [ '4.3.1' ],
31 silly audit   tapable: [ '2.3.3' ],
31 silly audit   tinyglobby: [ '0.2.17' ],
31 silly audit   fdir: [ '6.5.0' ],
31 silly audit   'to-regex-range': [ '5.0.1' ],
31 silly audit   'ts-api-utils': [ '2.5.0' ],
31 silly audit   'tsconfig-paths': [ '3.15.0' ],
31 silly audit   tslib: [ '2.8.1' ],
31 silly audit   'type-check': [ '0.4.0' ],
31 silly audit   'typed-array-buffer': [ '1.0.3' ],
31 silly audit   'typed-array-byte-length': [ '1.0.3' ],
31 silly audit   'typed-array-byte-offset': [ '1.0.4' ],
31 silly audit   'typed-array-length': [ '1.0.8' ],
31 silly audit   typescript: [ '5.9.3' ],
31 silly audit   'typescript-eslint': [ '8.62.0' ],
31 silly audit   'unbox-primitive': [ '1.1.0' ],
31 silly audit   'undici-types': [ '6.21.0' ],
31 silly audit   'unrs-resolver': [ '1.12.2' ],
31 silly audit   'update-browserslist-db': [ '1.2.3' ],
31 silly audit   'uri-js': [ '4.4.1' ],
31 silly audit   'use-callback-ref': [ '1.3.3' ],
31 silly audit   'use-sidecar': [ '1.1.3' ],
31 silly audit   valibot: [ '1.4.2' ],
31 silly audit   which: [ '2.0.2' ],
31 silly audit   'which-boxed-primitive': [ '1.1.1' ],
31 silly audit   'which-builtin-type': [ '1.2.1' ],
31 silly audit   'which-collection': [ '1.0.2' ],
31 silly audit   'which-typed-array': [ '1.1.22' ],
31 silly audit   'word-wrap': [ '1.2.5' ],
31 silly audit   xtend: [ '4.0.2' ],
31 silly audit   yallist: [ '3.1.1' ],
31 silly audit   'yocto-queue': [ '0.1.0' ],
31 silly audit   zeptomatch: [ '2.1.0' ],
31 silly audit   zod: [ '4.4.3' ],
31 silly audit   'zod-validation-error': [ '4.0.2' ],
31 silly audit   '@prisma/adapter-pg': [ '7.9.1' ],
31 silly audit   '@prisma/driver-adapter-utils': [ '7.9.1' ]
31 silly audit }
32 http cache @prisma/adapter-pg@https://registry.npmjs.org/@prisma/adapter-pg/-/adapter-pg-7.9.1.tgz 0ms (cache hit)
33 http cache @prisma/driver-adapter-utils@https://registry.npmjs.org/@prisma/driver-adapter-utils/-/driver-adapter-utils-7.9.1.tgz 0ms (cache hit)
34 http cache postgres-array@https://registry.npmjs.org/postgres-array/-/postgres-array-3.0.4.tgz 0ms (cache hit)
35 silly tarball no local data for @prisma/adapter-pg@https://registry.npmjs.org/@prisma/adapter-pg/-/adapter-pg-7.9.1.tgz. Extracting by manifest.
36 silly tarball no local data for @prisma/driver-adapter-utils@https://registry.npmjs.org/@prisma/driver-adapter-utils/-/driver-adapter-utils-7.9.1.tgz. Extracting by manifest.
37 silly tarball no local data for postgres-array@https://registry.npmjs.org/postgres-array/-/postgres-array-3.0.4.tgz. Extracting by manifest.
38 http fetch GET 200 https://registry.npmjs.org/postgres-array/-/postgres-array-3.0.4.tgz 163ms (cache miss)
39 http fetch GET 200 https://registry.npmjs.org/@prisma/adapter-pg/-/adapter-pg-7.9.1.tgz 448ms (cache miss)
40 http fetch GET 200 https://registry.npmjs.org/@prisma/driver-adapter-utils/-/driver-adapter-utils-7.9.1.tgz 551ms (cache miss)
41 http fetch POST 200 https://registry.npmjs.org/-/npm/v1/security/advisories/bulk 744ms
42 silly audit report {
42 silly audit report   'brace-expansion': [
42 silly audit report     {
42 silly audit report       id: 1123897,
42 silly audit report       url: 'https://github.com/advisories/GHSA-3jxr-9vmj-r5cp',
42 silly audit report       title: 'brace-expansion: DoS via exponential-time expansion of consecutive non-expanding {} groups',
42 silly audit report       severity: 'high',
42 silly audit report       vulnerable_versions: '<1.1.16',
42 silly audit report       cwe: [Array],
42 silly audit report       cvss: [Object]
42 silly audit report     },
42 silly audit report     {
42 silly audit report       id: 1123898,
42 silly audit report       url: 'https://github.com/advisories/GHSA-3jxr-9vmj-r5cp',
42 silly audit report       title: 'brace-expansion: DoS via exponential-time expansion of consecutive non-expanding {} groups',
42 silly audit report       severity: 'high',
42 silly audit report       vulnerable_versions: '>=3.0.0 <5.0.7',
42 silly audit report       cwe: [Array],
42 silly audit report       cvss: [Object]
42 silly audit report     },
42 silly audit report     {
42 silly audit report       id: 1124334,
42 silly audit report       url: 'https://github.com/advisories/GHSA-mh99-v99m-4gvg',
42 silly audit report       title: 'brace-expansion: DoS via unbounded expansion length causing an out-of-memory process crash',
42 silly audit report       severity: 'high',
42 silly audit report       vulnerable_versions: '<=5.0.7',
42 silly audit report       cwe: [Array],
42 silly audit report       cvss: [Object]
42 silly audit report     }
42 silly audit report   ],
42 silly audit report   next: [
42 silly audit report     {
42 silly audit report       id: 1124184,
42 silly audit report       url: 'https://github.com/advisories/GHSA-89xv-2m56-2m9x',
42 silly audit report       title: 'Next.js: Server-Side Request Forgery in Server Actions on custom servers',
42 silly audit report       severity: 'high',
42 silly audit report       vulnerable_versions: '>=16.0.0 <16.2.11',
42 silly audit report       cwe: [Array],
42 silly audit report       cvss: [Object]
42 silly audit report     },
42 silly audit report     {
42 silly audit report       id: 1124186,
42 silly audit report       url: 'https://github.com/advisories/GHSA-68g3-v927-f742',
42 silly audit report       title: 'Next.js: Cache confusion of response bodies for requests with bodies',
42 silly audit report       severity: 'moderate',
42 silly audit report       vulnerable_versions: '>=16.0.0 <16.2.11',
42 silly audit report       cwe: [Array],
42 silly audit report       cvss: [Object]
42 silly audit report     },
42 silly audit report     {
42 silly audit report       id: 1124170,
42 silly audit report       url: 'https://github.com/advisories/GHSA-6gpp-xcg3-4w24',
42 silly audit report       title: 'Next.js: Middleware / Proxy bypass in App Router applications using Turbopack and single locale',
42 silly audit report       severity: 'high',
42 silly audit report       vulnerable_versions: '>=16.0.0 <16.2.11',
42 silly audit report       cwe: [Array],
42 silly audit report       cvss: [Object]
42 silly audit report     },
42 silly audit report     {
42 silly audit report       id: 1124171,
42 silly audit report       url: 'https://github.com/advisories/GHSA-m99w-x7hq-7vfj',
42 silly audit report       title: 'Next.js: Denial of Service in App Router using Server Actions',
42 silly audit report       severity: 'high',
42 silly audit report       vulnerable_versions: '>=16.0.0 <16.2.11',
42 silly audit report       cwe: [Array],
42 silly audit report       cvss: [Object]
42 silly audit report     },
42 silly audit report     {
42 silly audit report       id: 1124188,
42 silly audit report       url: 'https://github.com/advisories/GHSA-4633-3j49-mh5q',
42 silly audit report       title: 'Next.js: Cache confusion of response bodies for requests with bodies containing invalid UTF-8 byte sequences',
42 silly audit report       severity: 'moderate',
42 silly audit report       vulnerable_versions: '>=16.0.0 <16.2.11',
42 silly audit report       cwe: [Array],
42 silly audit report       cvss: [Object]
42 silly audit report     },
42 silly audit report     {
42 silly audit report       id: 1124190,
42 silly audit report       url: 'https://github.com/advisories/GHSA-4c39-4ccg-62r3',
42 silly audit report       title: 'Next.js: Unbounded Server Action payload in Edge runtime',
42 silly audit report       severity: 'moderate',
42 silly audit report       vulnerable_versions: '>=16.0.0 <16.2.11',
42 silly audit report       cwe: [Array],
42 silly audit report       cvss: [Object]
42 silly audit report     },
42 silly audit report     {
42 silly audit report       id: 1124192,
42 silly audit report       url: 'https://github.com/advisories/GHSA-p9j2-gv94-2wf4',
42 silly audit report       title: 'Next.js: Server-Side Request Forgery in rewrites via attacker-controlled destination hostname',
42 silly audit report       severity: 'high',
42 silly audit report       vulnerable_versions: '>=16.0.0 <16.2.11',
42 silly audit report       cwe: [Array],
42 silly audit report       cvss: [Object]
42 silly audit report     },
42 silly audit report     {
42 silly audit report       id: 1124194,
42 silly audit report       url: 'https://github.com/advisories/GHSA-q8wf-6r8g-63ch',
42 silly audit report       title: 'Next.js: Denial of Service in the Image Optimization API using SVGs',
42 silly audit report       severity: 'moderate',
42 silly audit report       vulnerable_versions: '>=16.0.0 <16.2.11',
42 silly audit report       cwe: [Array],
42 silly audit report       cvss: [Object]
42 silly audit report     },
42 silly audit report     {
42 silly audit report       id: 1124196,
42 silly audit report       url: 'https://github.com/advisories/GHSA-955p-x3mx-jcvp',
42 silly audit report       title: 'Next.js: Unauthenticated disclosure of internal Server Function endpoints',
42 silly audit report       severity: 'moderate',
42 silly audit report       vulnerable_versions: '>=16.0.0 <16.2.11',
42 silly audit report       cwe: [Array],
42 silly audit report       cvss: [Object]
42 silly audit report     }
42 silly audit report   ],
42 silly audit report   postcss: [
42 silly audit report     {
42 silly audit report       id: 1117015,
42 silly audit report       url: 'https://github.com/advisories/GHSA-qx2v-qp2m-jg93',
42 silly audit report       title: 'PostCSS has XSS via Unescaped </style> in its CSS Stringify Output',
42 silly audit report       severity: 'moderate',
42 silly audit report       vulnerable_versions: '<8.5.10',
42 silly audit report       cwe: [Array],
42 silly audit report       cvss: [Object]
42 silly audit report     },
42 silly audit report     {
42 silly audit report       id: 1124252,
42 silly audit report       url: 'https://github.com/advisories/GHSA-6g55-p6wh-862q',
42 silly audit report       title: 'PostCSS: Arbitrary file read and information disclosure via attacker-controlled sourceMappingURL in CSS comments',
42 silly audit report       severity: 'high',
42 silly audit report       vulnerable_versions: '<=8.5.11',
42 silly audit report       cwe: [Array],
42 silly audit report       cvss: [Object]
42 silly audit report     },
42 silly audit report     {
42 silly audit report       id: 1124288,
42 silly audit report       url: 'https://github.com/advisories/GHSA-r28c-9q8g-f849',
42 silly audit report       title: 'PostCSS: Path Traversal in Previous Source Map Auto-Loading (sourceMappingURL) leads to Arbitrary .map File Disclosure',
42 silly audit report       severity: 'high',
42 silly audit report       vulnerable_versions: '<=8.5.17',
42 silly audit report       cwe: [Array],
42 silly audit report       cvss: [Object]
42 silly audit report     }
42 silly audit report   ],
42 silly audit report   sharp: [
42 silly audit report     {
42 silly audit report       id: 1124066,
42 silly audit report       url: 'https://github.com/advisories/GHSA-f88m-g3jw-g9cj',
42 silly audit report       title: 'sharp inherited vulnerabilities in libvips: CVE-2026-33327, CVE-2026-33328, CVE-2026-35590, CVE-2026-35591',
42 silly audit report       severity: 'high',
42 silly audit report       vulnerable_versions: '<0.35.0',
42 silly audit report       cwe: [Array],
42 silly audit report       cvss: [Object]
42 silly audit report     }
42 silly audit report   ]
42 silly audit report }
43 silly packumentCache corgi:https://registry.npmjs.org/brace-expansion cache-miss
44 silly packumentCache corgi:https://registry.npmjs.org/next cache-miss
45 silly packumentCache corgi:https://registry.npmjs.org/postcss cache-miss
46 silly packumentCache corgi:https://registry.npmjs.org/sharp cache-miss
47 http fetch GET 200 https://registry.npmjs.org/brace-expansion 180ms (cache revalidated)
48 silly packumentCache corgi:https://registry.npmjs.org/brace-expansion set size:31587 disposed:false
49 http fetch GET 200 https://registry.npmjs.org/postcss 183ms (cache revalidated)
50 silly packumentCache corgi:https://registry.npmjs.org/postcss set size:354683 disposed:false
51 http fetch GET 200 https://registry.npmjs.org/next 594ms (cache revalidated)
52 silly packumentCache corgi:https://registry.npmjs.org/next set size:25407944 disposed:false
53 http fetch GET 200 https://registry.npmjs.org/sharp 1267ms (cache revalidated)
54 silly packumentCache corgi:https://registry.npmjs.org/sharp set size:291503 disposed:false
55 silly packumentCache corgi:https://registry.npmjs.org/minimatch cache-miss
56 http fetch GET 200 https://registry.npmjs.org/minimatch 57ms (cache revalidated)
57 silly packumentCache corgi:https://registry.npmjs.org/minimatch set size:169442 disposed:false
58 silly packumentCache corgi:https://registry.npmjs.org/@tailwindcss%2fpostcss cache-miss
59 http fetch GET 200 https://registry.npmjs.org/@tailwindcss%2fpostcss 310ms (cache revalidated)
60 silly packumentCache corgi:https://registry.npmjs.org/@tailwindcss%2fpostcss set size:995135 disposed:false
61 silly ADD node_modules/@prisma/driver-adapter-utils
62 silly ADD node_modules/@prisma/adapter-pg
63 silly ADD node_modules/@prisma/adapter-pg/node_modules/postgres-array
64 verbose cwd /Users/mukisa/Desktop/buyercard
65 verbose os Darwin 25.3.0
66 verbose node v25.8.1
67 verbose npm  v11.14.1
68 verbose exit 0
69 info ok
